load the model .\ckpts/Swin_b_384_in22k_SlowFast_Fast_LLM_LIQE_FASTVQA_BoT_NTIREVideo_plcc_NR_v0_epoch_9_SRCC_0.885692.pth
test/0001.mp4
test/0002.mp4
test/0003.mp4
test/0004.mp4
test/0005.mp4
load the model .\ckpts/Swin_b_384_in22k_SlowFast_Fast_LLM_LIQE_FASTVQA_BoT_NTIREVideo_plcc_NR_v1_epoch_22_SRCC_0.894115.pth
test/0001.mp4
test/0002.mp4
test/0003.mp4
test/0004.mp4
test/0005.mp4
load the model .\ckpts/Swin_b_384_in22k_SlowFast_Fast_LLM_LIQE_FASTVQA_BoT_NTIREVideo_plcc_NR_v2_epoch_25_SRCC_0.913571.pth
test/0001.mp4
test/0002.mp4
test/0003.mp4
test/0004.mp4
test/0005.mp4
load the model .\ckpts/Swin_b_384_in22k_SlowFast_Fast_LLM_LIQE_FASTVQA_BoT_NTIREVideo_plcc_NR_v3_epoch_16_SRCC_0.901800.pth
test/0001.mp4
test/0002.mp4
test/0003.mp4
test/0004.mp4
test/0005.mp4
load the model .\ckpts/Swin_b_384_in22k_SlowFast_Fast_LLM_LIQE_FASTVQA_BoT_NTIREVideo_plcc_NR_v4_epoch_6_SRCC_0.905095.pth
test/0001.mp4
test/0002.mp4
test/0003.mp4
test/0004.mp4
test/0005.mp4
load the model .\ckpts/Swin_b_384_in22k_SlowFast_Fast_LLM_LIQE_FASTVQA_BoT_NTIREVideo_plcc_NR_v0_epoch_4_SRCC_0.905999.pth
test/0001.mp4
test/0002.mp4
test/0003.mp4
test/0004.mp4
test/0005.mp4
load the model .\ckpts/Swin_b_384_in22k_SlowFast_Fast_LLM_LIQE_FASTVQA_BoT_NTIREVideo_plcc_NR_v1_epoch_19_SRCC_0.923127.pth
test/0001.mp4
test/0002.mp4
test/0003.mp4
test/0004.mp4
test/0005.mp4
load the model .\ckpts/Swin_b_384_in22k_SlowFast_Fast_LLM_LIQE_FASTVQA_BoT_NTIREVideo_plcc_NR_v2_epoch_21_SRCC_0.924423.pth
test/0001.mp4
test/0002.mp4
test/0003.mp4
test/0004.mp4
test/0005.mp4
load the model .\ckpts/Swin_b_384_in22k_SlowFast_Fast_LLM_LIQE_FASTVQA_BoT_NTIREVideo_plcc_NR_v3_epoch_8_SRCC_0.896798.pth
test/0001.mp4
test/0002.mp4
test/0003.mp4
test/0004.mp4
test/0005.mp4
load the model .\ckpts/Swin_b_384_in22k_SlowFast_Fast_LLM_LIQE_FASTVQA_BoT_NTIREVideo_plcc_NR_v4_epoch_14_SRCC_0.904949.pth
test/0001.mp4
test/0002.mp4
test/0003.mp4
test/0004.mp4
test/0005.mp4
